             VMA              LMA     Size Align Out     In      Symbol
               0                0 80000000     1 . = ORIGIN(ram)
        80000000         80000000       10     2 .text
        80000000         80000000        0     1         . = ALIGN(8)
        80000000         80000000        c     1         /home/panka/Projects/tokmag/target/riscv64gc-unknown-none-elf/debug/deps/tokmag-ff9c86b91662796c.96b517eag1y5aur655h5el9eh.0be0m5s.rcgu.o:(.text.init)
        80000000         80000000        0     1                 .Lpcrel_hi0
        80000000         80000000        0     1                 $x
        80000000         80000000        0     1                 asm_entry
        8000000c         8000000c        4     2         /home/panka/Projects/tokmag/target/riscv64gc-unknown-none-elf/debug/deps/tokmag-ff9c86b91662796c.96b517eag1y5aur655h5el9eh.0be0m5s.rcgu.o:(.text.r_entry)
        8000000c         8000000c        0     1                 .L0 
        8000000c         8000000c        0     1                 .L0 
        8000000c         8000000c        0     1                 $x
        8000000c         8000000c        0     1                 .L0 
        8000000c         8000000c        4     1                 r_entry
        80000010         80000010        0     1                 .L0 
        80010000         80010000      400 65536 .bss
        80010000         80010000      400 65536         /home/panka/Projects/tokmag/target/riscv64gc-unknown-none-elf/debug/deps/tokmag-ff9c86b91662796c.96b517eag1y5aur655h5el9eh.0be0m5s.rcgu.o:(.bss.stack)
        80010000         80010000        0     1                 asm_stack
        80010000         80010000        0     1                 $d
        80010400         80010400        0     1                 asm_stacktop
               0                0      134     1 .debug_abbrev
               0                0      106     1         /home/panka/Projects/tokmag/target/riscv64gc-unknown-none-elf/debug/deps/tokmag-ff9c86b91662796c.8fh4k8qof57enclb5eryr3uj7.0be0m5s.rcgu.o:(.debug_abbrev)
               0                0        0     1                 $d
             106              106       2e     1         /home/panka/Projects/tokmag/target/riscv64gc-unknown-none-elf/debug/deps/tokmag-ff9c86b91662796c.96b517eag1y5aur655h5el9eh.0be0m5s.rcgu.o:(.debug_abbrev)
             106              106        0     1                 $d
               0                0      4b8     1 .debug_info
               0                0      472     1         /home/panka/Projects/tokmag/target/riscv64gc-unknown-none-elf/debug/deps/tokmag-ff9c86b91662796c.8fh4k8qof57enclb5eryr3uj7.0be0m5s.rcgu.o:(.debug_info)
               0                0        0     1                 .L0 
               0                0        0     1                 $d
             472              472       46     1         /home/panka/Projects/tokmag/target/riscv64gc-unknown-none-elf/debug/deps/tokmag-ff9c86b91662796c.96b517eag1y5aur655h5el9eh.0be0m5s.rcgu.o:(.debug_info)
             472              472        0     1                 .L0 
             472              472        0     1                 $d
               0                0       60     1 .debug_aranges
               0                0       30     1         /home/panka/Projects/tokmag/target/riscv64gc-unknown-none-elf/debug/deps/tokmag-ff9c86b91662796c.8fh4k8qof57enclb5eryr3uj7.0be0m5s.rcgu.o:(.debug_aranges)
               0                0        0     1                 $d
              30               30       30     1         /home/panka/Projects/tokmag/target/riscv64gc-unknown-none-elf/debug/deps/tokmag-ff9c86b91662796c.96b517eag1y5aur655h5el9eh.0be0m5s.rcgu.o:(.debug_aranges)
              30               30        0     1                 $d
               0                0      487     1 .debug_str
               0                0      487     1         <internal>:(.debug_str)
               0                0       93     1 .comment
               0                0       93     1         <internal>:(.comment)
               0                0       74     1 .riscv.attributes
               0                0       74     1         <internal>:(.riscv.attributes)
               0                0       68     8 .debug_frame
               0                0       38     8         /home/panka/Projects/tokmag/target/riscv64gc-unknown-none-elf/debug/deps/tokmag-ff9c86b91662796c.8fh4k8qof57enclb5eryr3uj7.0be0m5s.rcgu.o:(.debug_frame)
               0                0        0     1                 .L0 
               0                0        0     1                 $d
              38               38       30     8         /home/panka/Projects/tokmag/target/riscv64gc-unknown-none-elf/debug/deps/tokmag-ff9c86b91662796c.96b517eag1y5aur655h5el9eh.0be0m5s.rcgu.o:(.debug_frame)
              38               38        0     1                 .L0 
              38               38        0     1                 $d
               0                0       90     1 .debug_line
               0                0       4c     1         /home/panka/Projects/tokmag/target/riscv64gc-unknown-none-elf/debug/deps/tokmag-ff9c86b91662796c.8fh4k8qof57enclb5eryr3uj7.0be0m5s.rcgu.o:(.debug_line)
               0                0        0     1                 .Lline_table_start0
               0                0        0     1                 $d
              4c               4c       44     1         /home/panka/Projects/tokmag/target/riscv64gc-unknown-none-elf/debug/deps/tokmag-ff9c86b91662796c.96b517eag1y5aur655h5el9eh.0be0m5s.rcgu.o:(.debug_line)
              4c               4c        0     1                 .Lline_table_start0
              4c               4c        0     1                 $d
               0                0      378     8 .symtab
               0                0      378     8         <internal>:(.symtab)
               0                0       8e     1 .shstrtab
               0                0       8e     1         <internal>:(.shstrtab)
               0                0       f3     1 .strtab
               0                0       f3     1         <internal>:(.strtab)
